<!--
SPDX-FileCopyrightText: Red Hat, Inc.
SPDX-License-Identifier: GPL-2.0-or-later
-->

<capabilities>

  <host>
    <uuid>35373932-3337-435a-4a32-323430305750</uuid>
    <cpu>
      <arch>x86_64</arch>
      <model>Westmere</model>
      <vendor>Intel</vendor>
      <topology sockets='1' cores='6' threads='2'/>
      <feature name='rdtscp'/>
      <feature name='pdpe1gb'/>
      <feature name='dca'/>
      <feature name='pcid'/>
      <feature name='pdcm'/>
      <feature name='xtpr'/>
      <feature name='tm2'/>
      <feature name='est'/>
      <feature name='smx'/>
      <feature name='vmx'/>
      <feature name='ds_cpl'/>
      <feature name='monitor'/>
      <feature name='dtes64'/>
      <feature name='pclmuldq'/>
      <feature name='pbe'/>
      <feature name='tm'/>
      <feature name='ht'/>
      <feature name='ss'/>
      <feature name='acpi'/>
      <feature name='ds'/>
      <feature name='vme'/>
    </cpu>
    <power_management>
      <suspend_disk/>
    </power_management>
    <migration_features>
      <live/>
      <uri_transports>
        <uri_transport>tcp</uri_transport>
      </uri_transports>
    </migration_features>
    <topology>
      <cells num='2'>
        <cell id='0'>
          <cpus num='12'>
            <cpu id='0' socket_id='0' core_id='0' siblings='0,12'/>
            <cpu id='2' socket_id='0' core_id='8' siblings='2,14'/>
            <cpu id='4' socket_id='0' core_id='2' siblings='4,16'/>
            <cpu id='6' socket_id='0' core_id='10' siblings='6,18'/>
            <cpu id='8' socket_id='0' core_id='1' siblings='8,20'/>
            <cpu id='10' socket_id='0' core_id='9' siblings='10,22'/>
            <cpu id='12' socket_id='0' core_id='0' siblings='0,12'/>
            <cpu id='14' socket_id='0' core_id='8' siblings='2,14'/>
            <cpu id='16' socket_id='0' core_id='2' siblings='4,16'/>
            <cpu id='18' socket_id='0' core_id='10' siblings='6,18'/>
            <cpu id='20' socket_id='0' core_id='1' siblings='8,20'/>
            <cpu id='22' socket_id='0' core_id='9' siblings='10,22'/>
          </cpus>
        </cell>
        <cell id='1'>
          <cpus num='12'>
            <cpu id='1' socket_id='1' core_id='0' siblings='1,13'/>
            <cpu id='3' socket_id='1' core_id='8' siblings='3,15'/>
            <cpu id='5' socket_id='1' core_id='2' siblings='5,17'/>
            <cpu id='7' socket_id='1' core_id='10' siblings='7,19'/>
            <cpu id='9' socket_id='1' core_id='1' siblings='9,21'/>
            <cpu id='11' socket_id='1' core_id='9' siblings='11,23'/>
            <cpu id='13' socket_id='1' core_id='0' siblings='1,13'/>
            <cpu id='15' socket_id='1' core_id='8' siblings='3,15'/>
            <cpu id='17' socket_id='1' core_id='2' siblings='5,17'/>
            <cpu id='19' socket_id='1' core_id='10' siblings='7,19'/>
            <cpu id='21' socket_id='1' core_id='1' siblings='9,21'/>
            <cpu id='23' socket_id='1' core_id='9' siblings='11,23'/>
          </cpus>
        </cell>
      </cells>
    </topology>
    <secmodel>
      <model>selinux</model>
      <doi>0</doi>
    </secmodel>
    <secmodel>
      <model>dac</model>
      <doi>0</doi>
    </secmodel>
  </host>

  <guest>
    <os_type>hvm</os_type>
    <arch name='i686'>
      <wordsize>32</wordsize>
      <emulator>/usr/libexec/qemu-kvm</emulator>
      <machine>rhel6.3.0</machine>
      <machine canonical='rhel6.3.0'>pc</machine>
      <machine>rhel6.2.0</machine>
      <machine>rhel6.1.0</machine>
      <machine>rhel6.0.0</machine>
      <machine>rhel5.5.0</machine>
      <machine>rhel5.4.4</machine>
      <machine>rhel5.4.0</machine>
      <domain type='qemu'>
      </domain>
      <domain type='kvm'>
        <emulator>/usr/libexec/qemu-kvm</emulator>
      </domain>
    </arch>
    <features>
      <cpuselection/>
      <deviceboot/>
      <acpi default='on' toggle='yes'/>
      <apic default='on' toggle='no'/>
      <pae/>
      <nonpae/>
    </features>
  </guest>

  <guest>
    <os_type>hvm</os_type>
    <arch name='x86_64'>
      <wordsize>64</wordsize>
      <emulator>/usr/libexec/qemu-kvm</emulator>
      <machine>rhel6.3.0</machine>
      <machine canonical='rhel6.3.0'>pc</machine>
      <machine>rhel6.2.0</machine>
      <machine>rhel6.1.0</machine>
      <machine>rhel6.0.0</machine>
      <machine>rhel5.5.0</machine>
      <machine>rhel5.4.4</machine>
      <machine>rhel5.4.0</machine>
      <domain type='qemu'>
      </domain>
      <domain type='kvm'>
        <emulator>/usr/libexec/qemu-kvm</emulator>
      </domain>
    </arch>
    <features>
      <cpuselection/>
      <deviceboot/>
      <acpi default='on' toggle='yes'/>
      <apic default='on' toggle='no'/>
    </features>
  </guest>

</capabilities>


