<!--
SPDX-FileCopyrightText: Red Hat, Inc.
SPDX-License-Identifier: GPL-2.0-or-later
-->

<domainCapabilities>
  <path>/usr/libexec/qemu-kvm</path>
  <domain>kvm</domain>
  <machine>pseries-rhel7.6.0</machine>
  <arch>ppc64le</arch>
  <vcpu max='160'/>
  <os supported='yes'>
    <loader supported='yes'>
      <enum name='type'>
        <value>rom</value>
        <value>pflash</value>
      </enum>
      <enum name='readonly'>
        <value>yes</value>
        <value>no</value>
      </enum>
    </loader>
  </os>
  <cpu>
    <mode name='host-passthrough' supported='yes'/>
    <mode name='host-model' supported='yes'>
      <model fallback='allow'>POWER9</model>
      <vendor>IBM</vendor>
    </mode>
    <mode name='custom' supported='no'/>
  </cpu>
  <devices>
    <disk supported='yes'>
      <enum name='diskDevice'>
        <value>disk</value>
        <value>cdrom</value>
        <value>lun</value>
      </enum>
      <enum name='bus'>
        <value>scsi</value>
        <value>virtio</value>
        <value>usb</value>
      </enum>
    </disk>
    <graphics supported='yes'>
      <enum name='type'>
        <value>sdl</value>
        <value>vnc</value>
      </enum>
    </graphics>
    <video supported='yes'>
      <enum name='modelType'>
        <value>vga</value>
        <value>virtio</value>
      </enum>
    </video>
    <hostdev supported='yes'>
      <enum name='mode'>
        <value>subsystem</value>
      </enum>
      <enum name='startupPolicy'>
        <value>default</value>
        <value>mandatory</value>
        <value>requisite</value>
        <value>optional</value>
      </enum>
      <enum name='subsysType'>
        <value>usb</value>
        <value>pci</value>
        <value>scsi</value>
      </enum>
      <enum name='capsType'/>
      <enum name='pciBackend'>
        <value>default</value>
        <value>vfio</value>
      </enum>
    </hostdev>
  </devices>
  <features>
    <gic supported='no'/>
  </features>
</domainCapabilities>
