<!--
SPDX-FileCopyrightText: Red Hat, Inc.
SPDX-License-Identifier: GPL-2.0-or-later
-->

<domainCapabilities>
  <path>/usr/libexec/qemu-kvm</path>
  <domain>kvm</domain>
  <machine>pc-i440fx-rhel7.6.0</machine>
  <arch>x86_64</arch>
  <vcpu max='240'/>
  <iothreads supported='yes'/>
  <os supported='yes'>
    <loader supported='yes'>
      <value>/usr/share/OVMF/OVMF_CODE.secboot.fd</value>
      <enum name='type'>
        <value>rom</value>
        <value>pflash</value>
      </enum>
      <enum name='readonly'>
        <value>yes</value>
        <value>no</value>
      </enum>
    </loader>
  </os>
  <cpu>
    <mode name='host-passthrough' supported='yes'/>
    <mode name='host-model' supported='yes'>
      <model fallback='forbid'>Haswell</model>
      <vendor>Intel</vendor>
      <feature policy='require' name='vme'/>
      <feature policy='require' name='ss'/>
      <feature policy='require' name='pclmuldq'/>
      <feature policy='require' name='pcid'/>
      <feature policy='require' name='x2apic'/>
      <feature policy='require' name='tsc-deadline'/>
      <feature policy='require' name='hypervisor'/>
      <feature policy='require' name='arat'/>
      <feature policy='require' name='tsc_adjust'/>
      <feature policy='require' name='stibp'/>
      <feature policy='require' name='pdpe1gb'/>
      <feature policy='require' name='rdtscp'/>
      <feature policy='require' name='invtsc'/>
    </mode>
    <mode name='custom' supported='yes'>
      <model usable='yes'>qemu64</model>
      <model usable='yes'>qemu32</model>
      <model usable='no'>phenom</model>
      <model usable='yes'>pentium3</model>
      <model usable='yes'>pentium2</model>
      <model usable='yes'>pentium</model>
      <model usable='no'>n270</model>
      <model usable='yes'>kvm64</model>
      <model usable='yes'>kvm32</model>
      <model usable='no'>cpu64-rhel6</model>
      <model usable='yes'>coreduo</model>
      <model usable='yes'>core2duo</model>
      <model usable='no'>athlon</model>
      <model usable='unknown'>Westmere</model>
      <model usable='unknown'>Westmere-IBRS</model>
      <model usable='no'>Skylake-Server</model>
      <model usable='no'>Skylake-Server-IBRS</model>
      <model usable='unknown'>Skylake-Client</model>
      <model usable='unknown'>Skylake-Client-IBRS</model>
      <model usable='no'>SandyBridge</model>
      <model usable='no'>SandyBridge-IBRS</model>
      <model usable='yes'>Penryn</model>
      <model usable='no'>Opteron_G5</model>
      <model usable='no'>Opteron_G4</model>
      <model usable='no'>Opteron_G3</model>
      <model usable='yes'>Opteron_G2</model>
      <model usable='yes'>Opteron_G1</model>
      <model usable='yes'>Nehalem</model>
      <model usable='yes'>Nehalem-IBRS</model>
      <model usable='no'>IvyBridge</model>
      <model usable='no'>IvyBridge-IBRS</model>
      <model usable='no'>Haswell</model>
      <model usable='no'>Haswell-noTSX</model>
      <model usable='no'>Haswell-noTSX-IBRS</model>
      <model usable='no'>Haswell-IBRS</model>
      <model usable='no'>EPYC</model>
      <model usable='no'>EPYC-IBPB</model>
      <model usable='yes'>Conroe</model>
      <model usable='no'>Broadwell</model>
      <model usable='no'>Broadwell-noTSX</model>
      <model usable='no'>Broadwell-noTSX-IBRS</model>
      <model usable='no'>Broadwell-IBRS</model>
      <model usable='yes'>486</model>
    </mode>
  </cpu>
  <devices>
    <disk supported='yes'>
      <enum name='diskDevice'>
        <value>disk</value>
        <value>cdrom</value>
        <value>floppy</value>
        <value>lun</value>
      </enum>
      <enum name='bus'>
        <value>ide</value>
        <value>fdc</value>
        <value>scsi</value>
        <value>virtio</value>
        <value>usb</value>
        <value>sata</value>
      </enum>
    </disk>
    <graphics supported='yes'>
      <enum name='type'>
        <value>sdl</value>
        <value>vnc</value>
        <value>spice</value>
      </enum>
    </graphics>
    <video supported='yes'>
      <enum name='modelType'>
        <value>vga</value>
        <value>cirrus</value>
        <value>qxl</value>
        <value>virtio</value>
      </enum>
    </video>
    <hostdev supported='yes'>
      <enum name='mode'>
        <value>subsystem</value>
      </enum>
      <enum name='startupPolicy'>
        <value>default</value>
        <value>mandatory</value>
        <value>requisite</value>
        <value>optional</value>
      </enum>
      <enum name='subsysType'>
        <value>usb</value>
        <value>pci</value>
        <value>scsi</value>
      </enum>
      <enum name='capsType'/>
      <enum name='pciBackend'/>
    </hostdev>
  </devices>
  <features>
    <gic supported='no'/>
    <vmcoreinfo supported='yes'/>
    <genid supported='yes'/>
    <sev supported='no'/>
  </features>
</domainCapabilities>
